--------------------------------------------------------------------------------------
Timing Analyzer Summary
--------------------------------------------------------------------------------------

Type           : Worst-case tsu
Slack          : N/A
Required Time  : None
Actual Time    : 11.237 ns
From           : input1[1]
To             : reg_group:inst10|r2[1]
From Clock     : --
To Clock       : clk
Failed Paths   : 0

Type           : Worst-case tco
Slack          : N/A
Required Time  : None
Actual Time    : 17.954 ns
From           : ir:inst|t[0]
To             : output1[3]
From Clock     : clk
To Clock       : --
Failed Paths   : 0

Type           : Worst-case tpd
Slack          : N/A
Required Time  : None
Actual Time    : 14.893 ns
From           : input1[5]
To             : output1[5]
From Clock     : --
To Clock       : --
Failed Paths   : 0

Type           : Worst-case th
Slack          : N/A
Required Time  : None
Actual Time    : -7.142 ns
From           : input1[2]
To             : ir:inst|t[2]
From Clock     : --
To Clock       : clk
Failed Paths   : 0

Type           : Clock Setup: 'clk'
Slack          : N/A
Required Time  : None
Actual Time    : 38.32 MHz ( period = 26.098 ns )
From           : ir:inst|t[0]
To             : lpm_ram_io:inst1|altram:sram|altsyncram:ram_block|altsyncram_4h91:auto_generated|ram_block1a0~porta_datain_reg3
From Clock     : clk
To Clock       : clk
Failed Paths   : 0

Type           : Total number of failed paths
Slack          : 
Required Time  : 
Actual Time    : 
From           : 
To             : 
From Clock     : 
To Clock       : 
Failed Paths   : 0

--------------------------------------------------------------------------------------

